[08feb2026 20:26:14.900] [main/INFO] [net.neoforged.fml.startup.Entrypoint/]: JVM Uptime at startup: 255ms
[08feb2026 20:26:14.920] [main/INFO] [net.neoforged.fml.loading.FMLLoader/]: Starting FancyModLoader version 10.0.21 (CLIENT in DEV)
[08feb2026 20:26:14.921] [main/INFO] [net.neoforged.fml.loading.FMLLoader/]: Game directory: D:\Programmazione\Mod\Only Hammers\NEOFORGE\1.21.10\runs\clientData
[08feb2026 20:26:14.975] [main/INFO] [net.neoforged.fml.loading.EarlyServiceDiscovery/]: Found 0 early service jars (out of 0) in 4ms
[08feb2026 20:26:14.980] [main/INFO] [net.neoforged.fml.loading.ImmediateWindowHandler/]: Not loading early display in headless mode.
[08feb2026 20:26:15.062] [main/INFO] [net.neoforged.fml.loading.moddiscovery.locators.GameLocator/]: Detected a joined NeoForge and Minecraft configuration. Applying filtering...
[08feb2026 20:26:15.210] [main/INFO] [net.neoforged.fml.loading.moddiscovery.locators.InDevFolderLocator/CORE]: Got mod coordinates 1.21.10%%D:\Programmazione\Mod\Only Hammers\NEOFORGE\1.21.10\build\resources\main;1.21.10%%D:\Programmazione\Mod\Only Hammers\NEOFORGE\1.21.10\build\classes\java\main from env
[08feb2026 20:26:15.436] [main/WARN] [net.neoforged.jarjar.selection.JarSelector/]: Attempted to select a dependency jar for JarJar which was passed in as source: library:mixinextras.neoforge. Using jar(C:\Users\rosar\.gradle\caches\modules-2\files-2.1\io.github.llamalad7\mixinextras-neoforge\0.5.0\d734b83ce6542bb70ea31755c1595b88992dbe65\mixinextras-neoforge-0.5.0.jar)
[08feb2026 20:26:15.436] [main/INFO] [net.neoforged.fml.loading.moddiscovery.locators.JarInJarDependencyLocator/]: Found 1 dependencies adding them to mods collection
[08feb2026 20:26:15.439] [main/INFO] [net.neoforged.fml.loading.moddiscovery.ModDiscoverer/]: 
     Mod List:
		Name Version (Mod Id)

		Minecraft 1.21.10 (minecraft)
		NeoForge 21.10.17-beta (neoforge)
		OnlyHammers 1.21.10-0.2 (onlyhammers)
[08feb2026 20:26:15.854] [main/INFO] [mixin/]: SpongePowered MIXIN Subsystem Version=0.8.7 Source=file:/C:/Users/rosar/.gradle/caches/modules-2/files-2.1/net.fabricmc/sponge-mixin/0.16.5+mixin.0.8.7/80fc3a9f592673cea87f4cd702f87991c6c9fe4d/sponge-mixin-0.16.5+mixin.0.8.7.jar Service=FML Env=CLIENT
[08feb2026 20:26:15.986] [main/INFO] [net.neoforged.fml.loading.FMLLoader/]: Loading FML Plugins:
[08feb2026 20:26:15.987] [main/INFO] [net.neoforged.fml.loading.FMLLoader/]:  - .cache/jij/51629231fe2baaddd60d570ef06ada2b2f1fe8a34133e63afdd748b9ef93f9f1/net.neoforged.neoforge-coremods-21.10.17-beta.jar
[08feb2026 20:26:16.319] [main/INFO] [net.neoforged.fml.loading.FMLLoader/]: Building game content classloader:
 - minecraft (composite(jar(D:\Programmazione\Mod\Only Hammers\NEOFORGE\1.21.10\.gradle\repositories\ng_dummy_ng\net\minecraft\client\1.21.10\client-1.21.10-client-extra.jar), filtered(jar(D:\Programmazione\Mod\Only Hammers\NEOFORGE\1.21.10\.gradle\repositories\ng_dummy_ng\net\neoforged\neoforge\21.10.17-beta\neoforge-21.10.17-beta.jar))))
 - mixinextras.neoforge (jar(C:\Users\rosar\.gradle\caches\modules-2\files-2.1\io.github.llamalad7\mixinextras-neoforge\0.5.0\d734b83ce6542bb70ea31755c1595b88992dbe65\mixinextras-neoforge-0.5.0.jar))
 - neoforge (composite(filtered(jar(D:\Programmazione\Mod\Only Hammers\NEOFORGE\1.21.10\.gradle\repositories\ng_dummy_ng\net\neoforged\neoforge\21.10.17-beta\neoforge-21.10.17-beta.jar))))
 - net.neoforged.fml.generated (empty(VirtualJar\net.neoforged.fml.generated))
 - onlyhammers (composite(folder(D:\Programmazione\Mod\Only Hammers\NEOFORGE\1.21.10\build\resources\main), folder(D:\Programmazione\Mod\Only Hammers\NEOFORGE\1.21.10\build\classes\java\main)))
[08feb2026 20:26:16.359] [main/INFO] [net.neoforged.fml.loading.FMLLoader/]: Built game content classloader in 72ms
[08feb2026 20:26:16.656] [main/WARN] [mixin/]: Reference map 'onlyhammers.refmap.json' for onlyhammers.mixins.json could not be read. If this is a development environment you can ignore this message
[08feb2026 20:26:17.763] [main/INFO] [MixinExtras|Service/]: Initializing MixinExtras via com.llamalad7.mixinextras.service.MixinExtrasServiceImpl(version=0.5.0).
[08feb2026 20:26:28.302] [main/INFO] [net.neoforged.neoforge.data.loading.DatagenModLoader/]: Initializing Data Gatherer for mods [onlyhammers]
[08feb2026 20:26:28.353] [modloading-worker-0/INFO] [net.neoforged.neoforge.common.NeoForgeMod/NEOFORGE-MOD]: NeoForge mod loading, version 21.10.17-beta, for MC 1.21.10
[08feb2026 20:26:30.366] [main/INFO] [net.minecraft.data.DataGenerator/]: Starting provider: Model Definitions - onlyhammers
[08feb2026 20:26:30.517] [main/INFO] [net.minecraft.data.DataGenerator/]: Model Definitions - onlyhammers finished after 151 ms
[08feb2026 20:26:30.519] [main/INFO] [net.minecraft.data.DataGenerator/]: Starting provider: Tags for minecraft:block mod id onlyhammers
[08feb2026 20:26:30.522] [main/INFO] [net.minecraft.data.DataGenerator/]: Tags for minecraft:block mod id onlyhammers finished after 2 ms
[08feb2026 20:26:30.522] [main/INFO] [net.minecraft.data.DataGenerator/]: Starting provider: Tags for minecraft:item mod id vanilla
[08feb2026 20:26:30.576] [main/INFO] [net.minecraft.data.DataGenerator/]: Tags for minecraft:item mod id vanilla finished after 53 ms
[08feb2026 20:26:30.577] [main/INFO] [net.minecraft.data.DataGenerator/]: Starting provider: Recipes
[08feb2026 20:26:30.695] [main/INFO] [net.minecraft.data.DataGenerator/]: Recipes finished after 118 ms
[08feb2026 20:26:30.696] [main/INFO] [net.minecraft.data.DataGenerator/]: All providers took: 330 ms
[08feb2026 20:26:30.715] [main/INFO] [net.minecraft.data.HashCache/]: Caching: total files: 68, old count: 0, new count: 69, removed stale: 0, written: 68
[08feb2026 20:26:30.716] [main/INFO] [net.neoforged.fml.loading.FMLLoader/]: Closing FML Loader 5571cd2
[08feb2026 20:26:30.716] [main/INFO] [net.neoforged.fml.ModLoader/]: Clearing ModLoader
