[05set2026 17:08:55.765] [main/INFO] [cpw.mods.modlauncher.Launcher/MODLAUNCHER]: ModLauncher running: args [--launchTarget, forgeclientuserdev, --version, 21.0.167, --assetIndex, asset-index, --assetsDir, C:\Users\rosar\.gradle\caches\minecraft\assets\1.21, --gameDir, ., --fml.neoForgeVersion, 21.0.167, --fml.fmlVersion, 4.0.23, --fml.mcVersion, 1.21, --fml.neoFormVersion, 20240613.152323]
[05set2026 17:08:55.777] [main/INFO] [cpw.mods.modlauncher.Launcher/MODLAUNCHER]: JVM identified as Amazon.com Inc. OpenJDK 64-Bit Server VM 21.0.11+10-LTS
[05set2026 17:08:55.780] [main/INFO] [cpw.mods.modlauncher.Launcher/MODLAUNCHER]: ModLauncher 11.0.4+main.d2e20e43 starting: java version 21.0.11 by Amazon.com Inc.; OS Windows 11 arch amd64 version 10.0
[05set2026 17:08:55.972] [main/INFO] [net.neoforged.fml.loading.ImmediateWindowHandler/]: Loading ImmediateWindowProvider fmlearlywindow
[05set2026 17:08:56.074] [main/INFO] [EARLYDISPLAY/]: Trying GL version 4.6
[05set2026 17:08:56.327] [main/INFO] [EARLYDISPLAY/]: Requested GL version 4.6 got version 4.6
[05set2026 17:08:56.419] [main/INFO] [mixin/]: SpongePowered MIXIN Subsystem Version=0.8.6 Source=union:/C:/Users/rosar/.gradle/caches/modules-2/files-2.1/net.fabricmc/sponge-mixin/0.14.0+mixin.0.8.6/c265173c84346e9e5d42a2384b2b02bd39a4a899/sponge-mixin-0.14.0+mixin.0.8.6.jar%23135!/ Service=ModLauncher Env=CLIENT
[05set2026 17:08:56.520] [pool-2-thread-1/INFO] [EARLYDISPLAY/]: GL info: Intel(R) UHD Graphics GL version 4.6.0 - Build 32.0.101.5972, Intel
[05set2026 17:08:56.706] [main/INFO] [net.neoforged.fml.loading.moddiscovery.ModDiscoverer/SCAN]: Found mod file "neoforge-21.0.167.jar" [locator: neoforge devenv provider ([D:\Programmazione\Mod\Only Hammers\NEOFORGE\1.21\.gradle\repositories\ng_dummy_ng\net\neoforged\neoforge\21.0.167\neoforge-21.0.167.jar])]
[05set2026 17:08:56.733] [main/INFO] [net.neoforged.fml.loading.moddiscovery.ModDiscoverer/SCAN]: Found mod file "neoforge-21.0.167.jar" [locator: neoforge devenv provider ([D:\Programmazione\Mod\Only Hammers\NEOFORGE\1.21\.gradle\repositories\ng_dummy_ng\net\neoforged\neoforge\21.0.167\neoforge-21.0.167.jar])]
[05set2026 17:08:56.761] [main/INFO] [net.neoforged.fml.loading.moddiscovery.ModDiscoverer/SCAN]: Found mod file "main" [locator: userdev mods and services, reader: mod manifest]
[05set2026 17:08:56.776] [main/INFO] [net.neoforged.fml.loading.moddiscovery.ModDiscoverer/SCAN]: Found mod file "neoforge-21.0.167.jar" [locator: userdev mods and services, reader: mod manifest]
[05set2026 17:08:56.783] [main/INFO] [net.neoforged.fml.loading.moddiscovery.ModDiscoverer/SCAN]: Found mod file "architectury-neoforge-13.0.5.jar" [locator: userdev mods and services, reader: mod manifest]
[05set2026 17:08:56.791] [main/INFO] [net.neoforged.fml.loading.moddiscovery.ModDiscoverer/SCAN]: Found mod file "RoughlyEnoughItems-neoforge-16.0.776.jar" [locator: userdev mods and services, reader: mod manifest]
[05set2026 17:08:56.797] [main/INFO] [net.neoforged.fml.loading.moddiscovery.ModDiscoverer/SCAN]: Found mod file "jei-1.21-neoforge-19.8.2.99.jar" [locator: userdev mods and services, reader: mod manifest]
[05set2026 17:08:56.802] [main/INFO] [net.neoforged.fml.loading.moddiscovery.ModDiscoverer/SCAN]: Found mod file "cloth-config-neoforge-15.0.130-neoforge.jar" [locator: userdev mods and services, reader: mod manifest]
[05set2026 17:08:56.855] [main/INFO] [net.neoforged.fml.loading.moddiscovery.ModDiscoverer/SCAN]: Found gamelibrary file "mixinextras-neoforge-0.3.5.jar" [locator: userdev mods and services, reader: mod manifest]
[05set2026 17:08:57.153] [main/WARN] [net.neoforged.jarjar.selection.JarSelector/]: Attempted to select a dependency jar for JarJar which was passed in as source: mixinextras-neoforge-0.3.5.jar. Using Mod File: C:\Users\rosar\.gradle\caches\modules-2\files-2.1\io.github.llamalad7\mixinextras-neoforge\0.3.5\ef3ffcf309dae656517b2f120189b1c9b21737dd\mixinextras-neoforge-0.3.5.jar
[05set2026 17:08:57.154] [main/INFO] [net.neoforged.fml.loading.moddiscovery.locators.JarInJarDependencyLocator/]: No dependencies to load found. Skipping!
[05set2026 17:08:57.462] [main/INFO] [net.neoforged.fml.loading.FMLServiceProvider/CORE]: Loading coremod script-engine for [neoforge]
[05set2026 17:08:59.272] [main/INFO] [cpw.mods.modlauncher.LaunchServiceHandler/MODLAUNCHER]: Launching target 'forgeclientuserdev' with arguments [--version, 21.0.167, --gameDir, ., --assetsDir, C:\Users\rosar\.gradle\caches\minecraft\assets\1.21, --assetIndex, asset-index]
[05set2026 17:08:59.356] [main/WARN] [mixin/]: Reference map 'onlyhammers.refmap.json' for onlyhammers.mixins.json could not be read. If this is a development environment you can ignore this message
[05set2026 17:09:00.025] [main/INFO] [MixinExtras|Service/]: Initializing MixinExtras via com.llamalad7.mixinextras.service.MixinExtrasServiceImpl(version=0.3.5).
[05set2026 17:09:01.854] [Datafixer Bootstrap/INFO] [com.mojang.datafixers.DataFixerBuilder/]: 229 Datafixer optimizations took 328 milliseconds
[05set2026 17:09:08.062] [main/WARN] [net.minecraft.commands.Commands/]: Ambiguity between arguments [teleport, location] and [teleport, destination] with inputs: [0.1 -0.5 .9, 0 0 0]
[05set2026 17:09:08.064] [main/WARN] [net.minecraft.commands.Commands/]: Ambiguity between arguments [teleport, location] and [teleport, targets] with inputs: [0.1 -0.5 .9, 0 0 0]
[05set2026 17:09:08.066] [main/WARN] [net.minecraft.commands.Commands/]: Ambiguity between arguments [teleport, destination] and [teleport, targets] with inputs: [Player, 0123, @e, dd12be42-52a9-4a91-a8a1-11c01849e498]
[05set2026 17:09:08.067] [main/WARN] [net.minecraft.commands.Commands/]: Ambiguity between arguments [teleport, targets] and [teleport, destination] with inputs: [Player, 0123, dd12be42-52a9-4a91-a8a1-11c01849e498]
[05set2026 17:09:08.068] [main/WARN] [net.minecraft.commands.Commands/]: Ambiguity between arguments [teleport, targets, location] and [teleport, targets, destination] with inputs: [0.1 -0.5 .9, 0 0 0]
[05set2026 17:09:08.283] [Render thread/WARN] [net.minecraft.server.packs.VanillaPackResourcesBuilder/]: Assets URL 'union:/D:/Programmazione/Mod/Only%20Hammers/NEOFORGE/1.21/.gradle/repositories/ng_dummy_ng/net/neoforged/neoforge/21.0.167/neoforge-21.0.167.jar%23189!/assets/.mcassetsroot' uses unexpected schema
[05set2026 17:09:08.284] [Render thread/WARN] [net.minecraft.server.packs.VanillaPackResourcesBuilder/]: Assets URL 'union:/D:/Programmazione/Mod/Only%20Hammers/NEOFORGE/1.21/.gradle/repositories/ng_dummy_ng/net/neoforged/neoforge/21.0.167/neoforge-21.0.167.jar%23189!/data/.mcassetsroot' uses unexpected schema
[05set2026 17:09:08.338] [Render thread/INFO] [com.mojang.authlib.yggdrasil.YggdrasilAuthenticationService/]: Environment: Environment[sessionHost=https://sessionserver.mojang.com, servicesHost=https://api.minecraftservices.com, name=PROD]
[05set2026 17:09:08.350] [Render thread/INFO] [net.minecraft.client.Minecraft/]: Setting user: Dev
[05set2026 17:09:08.574] [Render thread/INFO] [net.minecraft.client.Minecraft/]: Backend library: LWJGL version 3.3.3+5
[05set2026 17:09:09.096] [modloading-worker-0/INFO] [net.neoforged.neoforge.common.NeoForgeMod/NEOFORGE-MOD]: NeoForge mod loading, version 21.0.167, for MC 1.21
[05set2026 17:09:09.329] [modloading-worker-0/INFO] [mezz.jei.library.load.PluginCaller/]: Sending ConfigManager...
[05set2026 17:09:09.334] [modloading-worker-0/INFO] [mezz.jei.library.load.PluginCaller/]: Sending ConfigManager took 2.146 ms
[05set2026 17:09:09.429] [modloading-worker-0/INFO] [REI/]: [REI] Config loaded
[05set2026 17:09:09.526] [modloading-worker-0/INFO] [REI/]: [REI] Registered plugin provider DefaultPluginImpl [roughlyenoughitems] for REIServerPlugin
[05set2026 17:09:09.526] [modloading-worker-0/INFO] [REI/]: [REI] Registered plugin provider DefaultPluginImpl [roughlyenoughitems] for REIPlugin
[05set2026 17:09:09.527] [modloading-worker-0/INFO] [REI/]: [REI] Registered plugin provider DefaultRuntimePlugin [roughlyenoughitems] for REIServerPlugin
[05set2026 17:09:09.527] [modloading-worker-0/INFO] [REI/]: [REI] Registered plugin provider DefaultRuntimePlugin [roughlyenoughitems] for REIPlugin
[05set2026 17:09:09.551] [modloading-worker-0/INFO] [REI/]: [REI] Registered plugin provider DefaultClientPluginImpl [roughlyenoughitems] for REIClientPlugin
[05set2026 17:09:09.551] [modloading-worker-0/INFO] [REI/]: [REI] Registered plugin provider DefaultClientPluginImpl [roughlyenoughitems] for REIPlugin
[05set2026 17:09:09.562] [modloading-worker-0/INFO] [REI/]: [REI] Registered plugin provider DefaultClientRuntimePlugin [roughlyenoughitems] for REIClientPlugin
[05set2026 17:09:09.563] [modloading-worker-0/INFO] [REI/]: [REI] Registered plugin provider DefaultClientRuntimePlugin [roughlyenoughitems] for REIPlugin
[05set2026 17:09:09.565] [modloading-worker-0/INFO] [REI/]: [REI] Registered plugin provider HideIngredientsFromTagsPlugin [roughlyenoughitems] for REIClientPlugin
[05set2026 17:09:09.566] [modloading-worker-0/INFO] [REI/]: [REI] Registered plugin provider HideIngredientsFromTagsPlugin [roughlyenoughitems] for REIPlugin
[05set2026 17:09:10.562] [Render thread/INFO] [net.neoforged.neoforge.gametest.GameTestHooks/]: Enabled Gametest Namespaces: []
[05set2026 17:09:10.726] [Render thread/INFO] [net.minecraft.server.packs.resources.ReloadableResourceManager/]: Reloading ResourceManager: vanilla, mod_resources, mod/roughlyenoughitems, mod/cloth_config, mod/onlyhammers, mod/architectury, mod/neoforge, mod/jei
[05set2026 17:09:10.955] [Worker-Main-13/INFO] [net.minecraft.client.gui.font.providers.UnihexProvider/]: Found unifont_all_no_pua-15.1.05.hex, loading
[05set2026 17:09:11.103] [Worker-Main-10/INFO] [net.minecraft.client.gui.font.providers.UnihexProvider/]: Found unifont_jp_patch-15.1.05.hex, loading
[05set2026 17:09:13.136] [Render thread/WARN] [net.minecraft.client.sounds.SoundEngine/]: Missing sound for event: minecraft:item.goat_horn.play
[05set2026 17:09:13.136] [Render thread/WARN] [net.minecraft.client.sounds.SoundEngine/]: Missing sound for event: minecraft:entity.goat.screaming.horn_break
[05set2026 17:09:13.370] [Render thread/INFO] [com.mojang.blaze3d.audio.Library/]: OpenAL initialized on device OpenAL Soft on Altoparlanti (Maonocaster G1 Neo)
[05set2026 17:09:13.370] [Render thread/INFO] [net.minecraft.client.sounds.SoundEngine/SOUNDS]: Sound engine started
[05set2026 17:09:13.507] [Render thread/INFO] [net.minecraft.client.renderer.texture.TextureAtlas/]: Created: 1024x512x4 minecraft:textures/atlas/blocks.png-atlas
[05set2026 17:09:13.606] [Render thread/INFO] [net.minecraft.client.renderer.texture.TextureAtlas/]: Created: 256x256x4 minecraft:textures/atlas/signs.png-atlas
[05set2026 17:09:13.609] [Render thread/INFO] [net.minecraft.client.renderer.texture.TextureAtlas/]: Created: 512x512x4 minecraft:textures/atlas/banner_patterns.png-atlas
[05set2026 17:09:13.615] [Render thread/INFO] [net.minecraft.client.renderer.texture.TextureAtlas/]: Created: 512x512x4 minecraft:textures/atlas/shield_patterns.png-atlas
[05set2026 17:09:13.621] [Render thread/INFO] [net.minecraft.client.renderer.texture.TextureAtlas/]: Created: 1024x1024x4 minecraft:textures/atlas/armor_trims.png-atlas
[05set2026 17:09:13.676] [Render thread/INFO] [net.minecraft.client.renderer.texture.TextureAtlas/]: Created: 256x256x4 minecraft:textures/atlas/chest.png-atlas
[05set2026 17:09:13.679] [Render thread/INFO] [net.minecraft.client.renderer.texture.TextureAtlas/]: Created: 128x64x4 minecraft:textures/atlas/decorated_pot.png-atlas
[05set2026 17:09:13.713] [Render thread/INFO] [net.minecraft.client.renderer.texture.TextureAtlas/]: Created: 512x256x4 minecraft:textures/atlas/shulker_boxes.png-atlas
[05set2026 17:09:13.717] [Render thread/INFO] [net.minecraft.client.renderer.texture.TextureAtlas/]: Created: 512x256x4 minecraft:textures/atlas/beds.png-atlas
[05set2026 17:09:14.016] [Render thread/INFO] [net.minecraft.client.renderer.texture.TextureAtlas/]: Created: 512x256x0 minecraft:textures/atlas/particles.png-atlas
[05set2026 17:09:14.048] [Render thread/INFO] [net.minecraft.client.renderer.texture.TextureAtlas/]: Created: 512x256x0 minecraft:textures/atlas/paintings.png-atlas
[05set2026 17:09:14.054] [Render thread/INFO] [net.minecraft.client.renderer.texture.TextureAtlas/]: Created: 256x128x0 minecraft:textures/atlas/mob_effects.png-atlas
[05set2026 17:09:14.059] [Render thread/INFO] [net.minecraft.client.renderer.texture.TextureAtlas/]: Created: 64x64x0 minecraft:textures/atlas/map_decorations.png-atlas
[05set2026 17:09:14.061] [Render thread/INFO] [net.minecraft.client.renderer.texture.TextureAtlas/]: Created: 1024x512x0 minecraft:textures/atlas/gui.png-atlas
[05set2026 17:09:14.159] [Render thread/WARN] [net.minecraft.client.renderer.ShaderInstance/]: Shader rendertype_entity_translucent_emissive could not find sampler named Sampler2 in the specified shader program.
[05set2026 17:09:14.307] [Render thread/INFO] [net.minecraft.client.renderer.texture.TextureAtlas/]: Created: 256x256x0 jei:textures/atlas/gui.png-atlas
[05set2026 17:09:23.909] [Render thread/INFO] [net.minecraft.world.item.crafting.RecipeManager/]: Loaded 1300 recipes
[05set2026 17:09:24.130] [Render thread/INFO] [net.minecraft.advancements.AdvancementTree/]: Loaded 1409 advancements
[05set2026 17:09:24.468] [Render thread/INFO] [mezz.jei.neoforge.startup.StartEventObserver/]: JEI StartEventObserver received class net.neoforged.neoforge.event.TagsUpdatedEvent too early, ignoring
[05set2026 17:09:24.529] [Server thread/INFO] [net.minecraft.client.server.IntegratedServer/]: Starting integrated minecraft server version 1.21
[05set2026 17:09:24.529] [Server thread/INFO] [net.minecraft.server.MinecraftServer/]: Generating keypair
[05set2026 17:09:25.673] [Server thread/INFO] [net.minecraft.server.MinecraftServer/]: Preparing start region for dimension minecraft:overworld
[05set2026 17:09:26.098] [progressListener/INFO] [net.minecraft.server.level.progress.LoggerChunkProgressListener/]: Preparing spawn area: 0%
[05set2026 17:09:26.263] [progressListener/INFO] [net.minecraft.server.level.progress.LoggerChunkProgressListener/]: Time elapsed: 588 ms
[05set2026 17:09:26.263] [Server thread/INFO] [net.neoforged.neoforge.server.permission.PermissionAPI/]: Successfully initialized permission handler neoforge:default_handler
[05set2026 17:09:26.368] [Server thread/INFO] [net.minecraft.client.server.IntegratedServer/]: Changing view distance to 12, from 10
[05set2026 17:09:26.368] [Server thread/INFO] [net.minecraft.client.server.IntegratedServer/]: Changing simulation distance to 12, from 0
[05set2026 17:09:27.269] [Render thread/INFO] [mezz.jei.neoforge.startup.StartEventObserver/]: JEI StartEventObserver received class net.neoforged.neoforge.event.TagsUpdatedEvent
[05set2026 17:09:27.522] [Server thread/INFO] [net.minecraft.server.players.PlayerList/]: Dev[local:E:ed9b7931] logged in with entity id 99 at (1.7944984933443797, 87.0, 7.632246095262672)
[05set2026 17:09:27.618] [Server thread/INFO] [net.minecraft.server.MinecraftServer/]: Dev joined the game
[05set2026 17:09:27.778] [Render thread/WARN] [REI/]: [REI] Found 1 existing reload task(s) after trying to terminate them!
[05set2026 17:09:27.779] [Render thread/INFO] [mezz.jei.neoforge.startup.StartEventObserver/]: JEI StartEventObserver received class net.neoforged.neoforge.client.event.RecipesUpdatedEvent
[05set2026 17:09:27.779] [Render thread/INFO] [mezz.jei.neoforge.startup.StartEventObserver/]: JEI StartEventObserver transitioning state from LISTENING to JEI_STARTED
[05set2026 17:09:27.780] [Render thread/INFO] [mezz.jei.core.util.LoggedTimer/]: Starting JEI...
[05set2026 17:09:27.797] [Render thread/INFO] [mezz.jei.library.load.PluginCaller/]: Registering item subtypes...
[05set2026 17:09:27.817] [Render thread/INFO] [mezz.jei.library.load.PluginCallerTimerRunnable/]: Registering item subtypes: jei:minecraft took 18.66 milliseconds
[05set2026 17:09:27.818] [Render thread/INFO] [mezz.jei.library.load.PluginCaller/]: Registering item subtypes took 20.21 ms
[05set2026 17:09:27.820] [Render thread/INFO] [mezz.jei.library.load.PluginCaller/]: Registering fluid subtypes...
[05set2026 17:09:27.824] [Render thread/INFO] [mezz.jei.library.load.PluginCaller/]: Registering fluid subtypes took 4.455 ms
[05set2026 17:09:27.829] [Render thread/INFO] [mezz.jei.library.load.PluginCaller/]: Registering ingredients...
[05set2026 17:09:27.878] [REI-ReloadPlugins/INFO] [REI/]: [REI] OOOOOOOOOOOOOOOOOOOOOOOOOOOOOOOOOOOOOOOO
[05set2026 17:09:27.878] [REI-ReloadPlugins/INFO] [REI/]: [REI] REIPlugin starting main-reload for START.
[05set2026 17:09:27.878] [REI-ReloadPlugins/INFO] [REI/]: [REI] Plugins (5):
[05set2026 17:09:27.879] [REI-ReloadPlugins/INFO] [REI/]: [REI]  - (-100,00) DefaultClientPluginImpl of DefaultClientPluginImpl [roughlyenoughitems]
[05set2026 17:09:27.879] [REI-ReloadPlugins/INFO] [REI/]: [REI]  - (-100,00) DefaultPluginImpl of DefaultPluginImpl [roughlyenoughitems]
[05set2026 17:09:27.879] [REI-ReloadPlugins/INFO] [REI/]: [REI]  - (0,00) HideIngredientsFromTagsPlugin of HideIngredientsFromTagsPlugin [roughlyenoughitems]
[05set2026 17:09:27.879] [REI-ReloadPlugins/INFO] [REI/]: [REI]  - (0,00) DefaultClientRuntimePlugin of DefaultClientRuntimePlugin [roughlyenoughitems]
[05set2026 17:09:27.879] [REI-ReloadPlugins/INFO] [REI/]: [REI]  - (0,00) DefaultRuntimePlugin of DefaultRuntimePlugin [roughlyenoughitems]
[05set2026 17:09:27.879] [REI-ReloadPlugins/INFO] [REI/]: [REI] OOOOOOOOOOOOOOOOOOOOOOOOOOOOOOOOOOOOOOOO
[05set2026 17:09:27.938] [REI-ReloadPlugins/INFO] [REI/]: [REI] ****************************************
[05set2026 17:09:27.938] [REI-ReloadPlugins/INFO] [REI/]: [REI] REIClientPlugin starting main-reload for START.
[05set2026 17:09:27.939] [REI-ReloadPlugins/INFO] [REI/]: [REI] Plugins (3):
[05set2026 17:09:27.940] [REI-ReloadPlugins/INFO] [REI/]: [REI]  - (-100,00) DefaultClientPluginImpl of DefaultClientPluginImpl [roughlyenoughitems]
[05set2026 17:09:27.940] [REI-ReloadPlugins/INFO] [REI/]: [REI]  - (0,00) HideIngredientsFromTagsPlugin of HideIngredientsFromTagsPlugin [roughlyenoughitems]
[05set2026 17:09:27.940] [REI-ReloadPlugins/INFO] [REI/]: [REI]  - (0,00) DefaultClientRuntimePlugin of DefaultClientRuntimePlugin [roughlyenoughitems]
[05set2026 17:09:27.940] [REI-ReloadPlugins/INFO] [REI/]: [REI] ****************************************
[05set2026 17:09:27.944] [Render thread/WARN] [mezz.jei.library.plugins.vanilla.ingredients.ItemStackListFactory/]: Item Group has no display items and no search tab display items. Items from this group will be missing from the JEI ingredient list. Operator Utilities
[05set2026 17:09:28.011] [Render thread/INFO] [mezz.jei.library.load.PluginCallerTimerRunnable/]: Registering ingredients: jei:minecraft took 182.0 milliseconds
[05set2026 17:09:28.012] [Render thread/INFO] [mezz.jei.library.load.PluginCaller/]: Registering ingredients took 182.9 ms
[05set2026 17:09:28.042] [Render thread/INFO] [mezz.jei.library.load.PluginCaller/]: Registering Mod Info...
[05set2026 17:09:28.043] [Render thread/INFO] [mezz.jei.library.load.PluginCaller/]: Registering Mod Info took 1.135 ms
[05set2026 17:09:28.095] [Render thread/INFO] [mezz.jei.library.load.PluginCaller/]: Registering categories...
[05set2026 17:09:28.228] [Render thread/INFO] [mezz.jei.library.load.PluginCallerTimerRunnable/]: Registering categories: jei:minecraft took 131.6 milliseconds
[05set2026 17:09:28.269] [Render thread/INFO] [mezz.jei.library.load.PluginCallerTimerRunnable/]: Registering categories: jei:internal took 40.95 milliseconds
[05set2026 17:09:28.270] [Render thread/INFO] [mezz.jei.library.load.PluginCaller/]: Registering categories took 173.8 ms
[05set2026 17:09:28.287] [Render thread/INFO] [mezz.jei.library.load.PluginCaller/]: Registering vanilla category extensions...
[05set2026 17:09:28.299] [Render thread/INFO] [mezz.jei.library.load.PluginCaller/]: Registering vanilla category extensions took 11.95 ms
[05set2026 17:09:28.307] [Render thread/INFO] [mezz.jei.library.load.PluginCaller/]: Registering recipe catalysts...
[05set2026 17:09:28.310] [Render thread/INFO] [mezz.jei.library.load.PluginCaller/]: Registering recipe catalysts took 2.890 ms
[05set2026 17:09:28.316] [Render thread/INFO] [mezz.jei.library.load.PluginCaller/]: Registering advanced plugins...
[05set2026 17:09:28.317] [Render thread/INFO] [mezz.jei.library.load.PluginCaller/]: Registering advanced plugins took 1.105 ms
[05set2026 17:09:28.317] [Render thread/INFO] [mezz.jei.core.util.LoggedTimer/]: Building recipe registry...
[05set2026 17:09:28.364] [Render thread/INFO] [mezz.jei.core.util.LoggedTimer/]: Building recipe registry took 46.48 ms
[05set2026 17:09:28.377] [Render thread/INFO] [mezz.jei.library.load.PluginCaller/]: Registering recipes...
[05set2026 17:09:28.558] [REI-ReloadPlugins/INFO] [REI/]: [REI] @@@@@@@@@@@@@@@@@@@@@@@@@@@@@@@@@@@@@@@@
[05set2026 17:09:28.558] [REI-ReloadPlugins/INFO] [REI/]: [REI] REIServerPlugin starting main-reload for START.
[05set2026 17:09:28.559] [REI-ReloadPlugins/INFO] [REI/]: [REI] Plugins (2):
[05set2026 17:09:28.559] [REI-ReloadPlugins/INFO] [REI/]: [REI]  - (-100,00) DefaultPluginImpl of DefaultPluginImpl [roughlyenoughitems]
[05set2026 17:09:28.559] [REI-ReloadPlugins/INFO] [REI/]: [REI]  - (0,00) DefaultRuntimePlugin of DefaultRuntimePlugin [roughlyenoughitems]
[05set2026 17:09:28.560] [REI-ReloadPlugins/INFO] [REI/]: [REI] @@@@@@@@@@@@@@@@@@@@@@@@@@@@@@@@@@@@@@@@
[05set2026 17:09:28.570] [REI-ReloadPlugins/INFO] [REI/]: [REI] REIPlugin finished post-reload for START in 5.383 ms, totaling 174.2 ms.
[05set2026 17:09:28.573] [REI-ReloadPlugins/INFO] [REI/]: [REI] REIClientPlugin finished post-reload for START in 1.001 ms, totaling 623.0 ms.
[05set2026 17:09:28.574] [REI-ReloadPlugins/INFO] [REI/]: [REI] REIServerPlugin finished post-reload for START in 311.7 μs, totaling 4.550 ms.
[05set2026 17:09:28.582] [REI-ReloadPlugins/INFO] [REI/]: [REI] ----------------------------------------
[05set2026 17:09:28.582] [REI-ReloadPlugins/INFO] [REI/]: [REI] REIPlugin starting main-reload for END.
[05set2026 17:09:28.583] [REI-ReloadPlugins/INFO] [REI/]: [REI] Plugins (5):
[05set2026 17:09:28.583] [REI-ReloadPlugins/INFO] [REI/]: [REI]  - (-100,00) DefaultClientPluginImpl of DefaultClientPluginImpl [roughlyenoughitems]
[05set2026 17:09:28.583] [REI-ReloadPlugins/INFO] [REI/]: [REI]  - (-100,00) DefaultPluginImpl of DefaultPluginImpl [roughlyenoughitems]
[05set2026 17:09:28.583] [REI-ReloadPlugins/INFO] [REI/]: [REI]  - (0,00) HideIngredientsFromTagsPlugin of HideIngredientsFromTagsPlugin [roughlyenoughitems]
[05set2026 17:09:28.583] [REI-ReloadPlugins/INFO] [REI/]: [REI]  - (0,00) DefaultClientRuntimePlugin of DefaultClientRuntimePlugin [roughlyenoughitems]
[05set2026 17:09:28.583] [REI-ReloadPlugins/INFO] [REI/]: [REI]  - (0,00) DefaultRuntimePlugin of DefaultRuntimePlugin [roughlyenoughitems]
[05set2026 17:09:28.583] [REI-ReloadPlugins/INFO] [REI/]: [REI] ----------------------------------------
[05set2026 17:09:28.667] [Render thread/INFO] [mezz.jei.library.load.PluginCallerTimerRunnable/]: Registering recipes: jei:minecraft took 290.0 milliseconds
[05set2026 17:09:28.697] [Render thread/INFO] [mezz.jei.library.load.PluginCallerTimerRunnable/]: Registering recipes: jei:internal took 28.83 milliseconds
[05set2026 17:09:28.697] [Render thread/INFO] [mezz.jei.library.load.PluginCaller/]: Registering recipes took 319.8 ms
[05set2026 17:09:28.712] [REI-ReloadPlugins/INFO] [REI/]: [REI] ########################################
[05set2026 17:09:28.712] [REI-ReloadPlugins/INFO] [REI/]: [REI] REIClientPlugin starting main-reload for END.
[05set2026 17:09:28.713] [REI-ReloadPlugins/INFO] [REI/]: [REI] Plugins (3):
[05set2026 17:09:28.713] [REI-ReloadPlugins/INFO] [REI/]: [REI]  - (-100,00) DefaultClientPluginImpl of DefaultClientPluginImpl [roughlyenoughitems]
[05set2026 17:09:28.713] [REI-ReloadPlugins/INFO] [REI/]: [REI]  - (0,00) HideIngredientsFromTagsPlugin of HideIngredientsFromTagsPlugin [roughlyenoughitems]
[05set2026 17:09:28.713] [REI-ReloadPlugins/INFO] [REI/]: [REI]  - (0,00) DefaultClientRuntimePlugin of DefaultClientRuntimePlugin [roughlyenoughitems]
[05set2026 17:09:28.713] [REI-ReloadPlugins/INFO] [REI/]: [REI] ########################################
[05set2026 17:09:28.720] [Render thread/INFO] [mezz.jei.library.load.PluginCaller/]: Registering recipes transfer handlers...
[05set2026 17:09:28.731] [Render thread/INFO] [mezz.jei.library.load.PluginCaller/]: Registering recipes transfer handlers took 11.50 ms
[05set2026 17:09:28.755] [Render thread/INFO] [mezz.jei.core.util.LoggedTimer/]: Building runtime...
[05set2026 17:09:28.775] [Render thread/INFO] [mezz.jei.library.load.PluginCaller/]: Registering gui handlers...
[05set2026 17:09:28.787] [Render thread/INFO] [mezz.jei.library.load.PluginCallerTimerRunnable/]: Registering gui handlers: jei:minecraft took 11.31 milliseconds
[05set2026 17:09:28.809] [Render thread/INFO] [mezz.jei.library.load.PluginCallerTimerRunnable/]: Registering gui handlers: jei:gui took 21.93 milliseconds
[05set2026 17:09:28.809] [Render thread/INFO] [mezz.jei.library.load.PluginCaller/]: Registering gui handlers took 34.21 ms
[05set2026 17:09:28.830] [Render thread/INFO] [mezz.jei.library.load.PluginCaller/]: Registering Runtime...
[05set2026 17:09:28.833] [Render thread/INFO] [mezz.jei.gui.startup.JeiGuiStarter/]: Starting JEI GUI
[05set2026 17:09:28.835] [Render thread/INFO] [mezz.jei.core.util.LoggedTimer/]: Building ingredient list...
[05set2026 17:09:28.848] [Render thread/INFO] [mezz.jei.core.util.LoggedTimer/]: Building ingredient list took 12.46 ms
[05set2026 17:09:28.848] [Render thread/INFO] [mezz.jei.core.util.LoggedTimer/]: Building ingredient filter...
[05set2026 17:09:29.009] [Render thread/INFO] [mezz.jei.gui.ingredients.IngredientFilter/]: Adding 1698 ingredients
[05set2026 17:09:29.331] [Render thread/INFO] [mezz.jei.gui.ingredients.IngredientFilter/]: Added 1698/1698 ingredients
[05set2026 17:09:29.335] [Render thread/INFO] [mezz.jei.core.util.LoggedTimer/]: Building ingredient filter took 486.8 ms
[05set2026 17:09:29.736] [Render thread/INFO] [mezz.jei.library.load.PluginCallerTimerRunnable/]: Registering Runtime: jei:neoforge_gui took 904.5 milliseconds
[05set2026 17:09:29.736] [Render thread/INFO] [mezz.jei.library.load.PluginCaller/]: Registering Runtime took 905.5 ms
[05set2026 17:09:29.740] [Render thread/INFO] [mezz.jei.core.util.LoggedTimer/]: Building runtime took 985.1 ms
[05set2026 17:09:29.741] [Render thread/INFO] [mezz.jei.library.load.PluginCaller/]: Sending Runtime...
[05set2026 17:09:29.742] [Render thread/INFO] [mezz.jei.library.load.PluginCaller/]: Sending Runtime took 819.0 μs
[05set2026 17:09:29.743] [Render thread/INFO] [mezz.jei.core.util.LoggedTimer/]: Starting JEI took 1.962 s
[05set2026 17:09:29.779] [Render thread/INFO] [net.minecraft.advancements.AdvancementTree/]: Loaded 22 advancements
[05set2026 17:09:29.783] [REI-ReloadPlugins/INFO] [REI/]: [REI] ****************************************
[05set2026 17:09:29.783] [REI-ReloadPlugins/INFO] [REI/]: [REI] REIServerPlugin starting main-reload for END.
[05set2026 17:09:29.783] [REI-ReloadPlugins/INFO] [REI/]: [REI] Plugins (2):
[05set2026 17:09:29.784] [REI-ReloadPlugins/INFO] [REI/]: [REI]  - (-100,00) DefaultPluginImpl of DefaultPluginImpl [roughlyenoughitems]
[05set2026 17:09:29.784] [REI-ReloadPlugins/INFO] [REI/]: [REI]  - (0,00) DefaultRuntimePlugin of DefaultRuntimePlugin [roughlyenoughitems]
[05set2026 17:09:29.784] [REI-ReloadPlugins/INFO] [REI/]: [REI] ****************************************
[05set2026 17:09:29.798] [REI-ReloadPlugins/INFO] [REI/]: [REI] REIPlugin finished post-reload for END in 523.7 μs, totaling 132.0 ms.
[05set2026 17:09:29.802] [REI-ReloadPlugins/INFO] [REI/]: [REI] REIClientPlugin finished post-reload for END in 3.281 ms, totaling 1.076 s.
[05set2026 17:09:29.803] [REI-ReloadPlugins/INFO] [REI/]: [REI] REIServerPlugin finished post-reload for END in 185.9 μs, totaling 14.49 ms.
[05set2026 17:09:32.476] [Render thread/INFO] [net.minecraft.advancements.AdvancementTree/]: Loaded 23 advancements
[05set2026 17:09:36.342] [Server thread/INFO] [net.minecraft.server.MinecraftServer/]: [Dev: Gave 64 [Torch] to Dev]
[05set2026 17:09:36.356] [Render thread/INFO] [net.minecraft.client.gui.components.ChatComponent/]: [System] [CHAT] Gave 64 [Torch] to Dev
